[   .0000] Initlingcgro ssy cput    0000 Inialzing cgrou subsys cu    0000 Inialin cgrousuyscpac
   0.000 Lnuveio 4.4.0-9geeric(bld@lcy-3 (cc veron.4.00160 (Ubun 54.0-6ubutu1604.4) ) 20buntu MP T Sp 19 1288 UTC 201 (untu4.0-.120-neic.4.87)[   0.0000Commanli: OOT_AG/boovmnu-4.4-9geeric root=ABEL=coumgroot rcosoletycoso=tS0
[   .0000] KNEsuport cs:
[   0.00]   Inl nuinnt
    0.00]   D thenticAMD
[    0.00000]   Centaur CentaurHauls
[    0.000000] x86/fpu: xstate_offset[2]:  576, xstate_sizes[2]:  256
[    0.000000] x86/fpu: Supporting XSAVE feature 0x01: 'x87 floating point registers'
[    0.000000] x86/fpu: Supporting XSAVE feature 0x02: 'SSE registers'
[    0.000000] x86/fpu: Supporting XSAVE feature 0x04: 'AVX registers'
[    0.000000] x86/fpu: Enabled xstate features 0x7, context size is 832 bytes, using 'standard' format.
[    0.000000] x86/fpu: Using 'lazy' FPU context switches.
[    0.000000] e820: BIOS-provided physical RAM map:
[    0.000000] BIOS-e820: [mem 0x0000000000000000-0x000000000009fbff] usable
[    0.000000] BIOS-e820: [mem 0x000000000009fc00-0x000000000009ffff] reserved
[    0.000000] BIOS-e820: [mem 0x00000000000f0000-0x00000000000fffff] reserved
[    0.000000] BIOS-e820: [mem 0x0000000000100000-0x000000003ffeffff]sale
[  00000] BI-e0: [m 000000ff00-000003fffffACPIat
[    .00000 BS-e8: me0x000000fe0000-00000fec00f] serv
   .0000]IO-e0:me 0x0000fe000-0000000e0ff resrved[    0.000000] BIOS-e820: [mem 0x00000000fffc0000-0x00000000ffffffff] reserved
[    0.000000] NX (Execute Disable) protection: active
[    0.000000] SMBIOS 2.5 present.
[    0.000000] Hypervisor detected: KVM
[    0.000000] e820: last_pfn = 0x3fff0 max_arch_pfn = 0x400000000
[    0.000000] MTRR: Disabled
[    0.000000] x86/PAT: MTRRs disabled, skipping PAT initialization too.
[    0.000000] CPU MTRRs all blank - virtualized system.
[    0.000000] x86/PAT: Configuration [0-7]: WB  WT  UC- UC  WB  WT  UC- UC  
[    0.000000] found SMP MP-table at [mem 0x0009fff0-0x0009ffff] mapped at [ffff88000009fff0]
[    0.000000] Scanning 1 areas for low memory corruption
[    0.000000] RAMDISK: [mem 0x36adc000-0x37565fff]
[    0.000000] ACPI: Early table checksum verification disabled
[    0.000000] ACPI: RSDP 0x00000000000E0000 000024 (v02 VBOX  )
[    0.000000] ACPI: XSDT 0x000000003FFF0030 00003C (v01 VBOX   VBOXXSDT 00000001 ASL  00000061)
[    0.000000] ACPI: FACP 0x000000003FFF00F0 0000F4 (v04 VBOX   VBOXFACP 00000001 ASL  00000061)
[    0.000000] ACPI: DSDT 0x000000003FFF0470 0021FF (v02 VBOX   VBOXBIOS 00000002 INTL 20100528)
[    0.000000] ACP: CS0x00003FF00 000
[   0.0000 ACP FS x00000FF0200 004
[    00000ACPI: PIC 0000003F020 00 (02 VBO  BOAPIC0000 ASL00001)
  0.0000] CP SDT 000003FFFA000CC (v0 VX   VBOXCUT 00000002 INTL 20100528)
[    0.000000] No NUMA configuration found
[    0.000000] Faking a node at [mem 0x0000000000000000-0x000000003ffeffff]
[    0.000000] NODE_DATA(0) allocated [mem 0x3ffeb000-0x3ffeffff]
[    0.000000] kvm-clock: Using msrs 4b564d01 and 4b564d00
[    0.000000] kvm-clock: cpu 0, msr 0:3ffe3001, primary cpu clock
[    0.000000] kvm-clock: using sched offset of 2898119856 cycles
[    0.000000] clocksource: kvm-clock: mask: 0xffffffffffff ma_cle 0x1cde4fb, mx_les: 8155983 n
  0.0000 Ze anges:
[   0.0000] DA     me0x00000000000-0x000000fff]
[   0000]   D32  mem 0x0000010000x00000ffffff]
[  0000000]   Normal   empty
[    0.000000]   Device   empty
[    0.000000] Movable zone start for each node
[    0.000000] Early memory node ranges
[    0.000000]   node   0:[mem 0x000000000000x0000009ef]
[   0.000]   ne 0: [me0x0000000000-0x00000ffefff
   0.0000Intm supnode 0 [me0x0000000100-0x00003ffff
    0.00] AC: -Tmer IOor 0x48    0000 IOAPC[0]: apic_id 2, version 32, address 0xfec00000, GSI 0-23
[    0.000000] ACPI: INT_SRC_OVR (bus 0 bus_irq 0 global_irq 2 dfl dfl)
[    0.000000] ACPI: INT_SRC_OVR (bus 0 bus_irq 9 global_irq 9 low level)
[    0.000000] Using ACPI (MADT) for SMP configuration information
[    0.000000] smpboot: Allowing 2 CPUs, 0 hotplug CPUs
[    0.000000] PM Riseredose emor [emx000000x000ff
[   0.0000] : Restednosaveemy: [m 009f000x09fff]
  0.000]M:Regier nsae mo: [m 0000000x0efff]  0.0000] : Regier nosvememry: me 0x00f000x00ff
[    00000e820: [mem 000000-feffff] aible r I evics   0.0000]ootig rartuazekenel onVM
[   0000] cckure: rin-jffie mk:0xfffffffaxcycles0xffffffmaidle_ns: 74551900215 ns  0.0000] sep_percu: NCPS:2 _cumasbi:52 _c_is:2 _ne_id1    0.00] ERCPU:Emddd 34ag/cu ff803fc000 s328 19d3744 0476
[   0.000] V qsnlk ha tleentris:256 (orde: 0 409 bes)
[   0.00] But zoelis iNoe de mbily ouing . otl pas:5713[  0.0000]olic ze:MA32[  0.000] rnelomndline: OOIMGE=/bo/vinuz.4-9-ger roo=LBEcloudimg-roots ro conslety conso=tS0
[  .000] PID shtablenie: 4096orr: 3328 ytes)    0000 Memory:100172K/1081K ailae 48K keelod, 1294 rda, 3984K daa, 12Kni, 1316bs 4638Kesved, 0cmreseved)[   .000 SUB: aln=4, Ord=0, Mibjts0, CPU2,odes=1
[   0.00000] Hierachicl RC ileenation.
[   0000] ui-tme adjstntf le fou to .[   .000] 	RCU rtrting Cs omNR_CUS12to n_cpuds2.
[   0.000] R: juting geomtr f ru_fautea=64,r_u_ds
  0.0000NRIR:324nr_is:0 66
[  00000] nse:color A+0x25
  0.0000 csoe [t1]naled   0.000]onsolettyS enaed[    0.000000] tsc: Detected 2793.532 MHz processor
[   14.289517] Calibrating delay loop (skipped) preset value.. 5587.06 BogoMIPS (lpj=11174128)
[   14.466041] pid_max: default: 32768 minimum: 301
[   14.596866] ACPI: Core revision 20150930
[   14.679591] ACPI: 2 ACPI AML tables successfully acquired and loaded
[   14.852115] Security Framework initialized
[   14.956660] Yama: becoming mindful.
[   15.047017] AppArmor: AppArmor initialized
[   15.159016] Dentry cache hash table entries: 131072 (order: 8, 1048576 bytes)
[   15.333619] Inode-cache hash table entries: 65536 (order: 7, 524288 bytes)
[   15.450863] Mount-cache hash table entries: 2048 (order: 2, 16384 bytes)
[   15.620456] Mountpoint-cache hash table entries: 2048 (order: 2, 16384 bytes)
[   15.805671] Initializing cgroup subsys io
[   15.898217] Initializing cgroup subsys memory
[   15.993596] Initializing cgroup subsys devices
[   16.114037] Initializing cgroup subsys freezer
[   16.233087] Initializing cgroup subsys net_cls
[   16.345662] Initializing cgroup subsys perf_event
[   16.445240] Initializing cgroup subsys net_prio
[   16.533916] Initializing cgroup subsys hugetlb
[   16.667608] Initializing cgroup subsys pids
[   16.785844] CPU: Physical Processor ID: 0
[   16.877383] CPU: Processor Core ID: 0
[   16.959067] mce: CPU supports 0 MCE banks
[   17.073786] Last level iTLB entries: 4KB 1024, 2MB 1024, 4MB 1024
[   17.233267] Last level dTLB entries: 4KB 1024, 2MB 1024, 4MB 1024, 1GB 4
[   17.403291] Freeing SMP alternatives memory: 32K
[   17.512743] ftrace: allocating 32148 entries in 126 pages
[   17.620038] smpboot: APIC(0) Converting physical 0 to logical package 0
[   17.793642] smpboot: Max logical packages: 1
[   17.899431] x2apic enabled
[   17.980251] Switched APIC routing to physical x2apic.
[   18.023004] ..TIMER: vector=0x30 apic1=0 pin1=2 apic2=-1 pin2=-1
[   18.130220] smpboot: CPU0: Intel(R) Core(TM) i7-4980HQ CPU @ 2.80GHz (family: 0x6, model: 0x46, stepping: 0x1)
[   18.350459] Performance Events: unsupported p6 CPU model 70 no PMU driver, software events only.
[   18.531385] KVM setup paravirtual spinlock
[   18.607798] x86: Booting SMP configuration:
[   18.689043] .... node  #0, CPUs:      #1
[   18.767178] kvm-clock: cpu 1, msr 0:3ffe3041, secondary cpu clock
[   18.866646] mce: CPU supports 0 MCE banks
[   18.957844] x86: Booted up 1 node, 2 CPUs
[   19.059814] smpboot: Total of 2 processors activated (11174.12 BogoMIPS)
[   19.259805] devtmpfs: initialized
[   19.329898] evm: security.selinux
[   19.395862] evm: security.SMACK64
[   19.454104] evm: security.SMACK64EXEC
[   19.527631] evm: security.SMACK64TRANSMUTE
[   19.622694] evm: security.SMACK64MMAP
[   19.676316] evm: security.ima
[   19.716983] evm: security.capability
[   19.816134] clocksource: jiffies: mask: 0xffffffff max_cycles: 0xffffffff, max_idle_ns: 7645041785100000 ns
[   20.060820] futex hash table entries: 512 (order: 3, 32768 bytes)
[   20.230366] pinctrl core: initialized pinctrl subsystem
[   20.352899] RTC time: 14:55:02, date: 11/04/17
[   20.479275] NET: Registered protocol family 16
[   20.625578] cpuidle: using governor ladder
[   20.737305] cpuidle: using governor menu
[   20.778072] PCCT header not found.
[   20.850182] ACPI: bus type PCI registered
[   20.946415] acpiphp: ACPI Hot Plug PCI Controller Driver version: 0.5
[   21.123729] PCI: Using configuration type 1 for base access
[   21.292491] ACPI: Added _OSI(Module Device)
[   21.391589] ACPI: Added _OSI(Processor Device)
[   21.499254] ACPI: Added _OSI(3.0 _SCP Extensions)
[   21.614807] ACPI: Added _OSI(Processor Aggregator Device)
[   21.736608] ACPI: Executed 1 blocks of module-level executable AML code
[   21.839617] ACPI: Interpreter enabled
[   21.930479] ACPI: (supports S0 S5)
[   21.995348] ACPI: Using IOAPIC for interrupt routing
[   22.107184] PCI: Using host bridge windows from ACPI; if necessary, use "pci=nocrs" and report a bug
[   22.365881] ACPI: PCI Root Bridge [PCI0] (domain 0000 [bus 00-ff])
[   22.531556] acpi PNP0A03:00: _OSC: OS supports [ASPM ClockPM Segments MSI]
[   22.726692] acpi PNP0A03:00: _OSC: not requesting OS control; OS requires [ExtendedConfig ASPM ClockPM MSI]
[   22.900027] acpi PNP0A03:00: fail to add MMCONFIG information, can't access extended PCI configuration space under this bridge.
[   23.072573] PCI host bridge to bus 0000:00
[   23.127974] pci_bus 0000:00: root bus resource [io  0x0000-0x0cf7 window]
[   23.162193] pci_bus 0000:00: root bus resource [io  0x0d00-0xffff window]
[   23.163088] pci_bus 0000:00: root bus resource [mem 0x000a0000-0x000bffff window]
[   23.217622] pci_bus 0000:00: root bus resource [mem 0x40000000-0xfdffffff window]
[   23.340893] pci_bus 0000:00: root bus resource [bus 00-ff]
[   23.440421] pci 0000:00:01.1: legacy IDE quirk: reg 0x10: [io  0x01f0-0x01f7]
[   23.576794] pci 0000:00:01.1: legacy IDE quirk: reg 0x14: [io  0x03f6]
[   23.694210] pci 0000:00:01.1: legacy IDE quirk: reg 0x18: [io  0x0170-0x0177]
[   23.818665] pci 0000:00:01.1: legacy IDE quirk: reg 0x1c: [io  0x0376]
[   23.959308] pci 0000:00:07.0: quirk: [io  0x4000-0x403f] claimed by PIIX4 ACPI
[   24.115184] pci 0000:00:07.0: quirk: [io  0x4100-0x410f] claimed by PIIX4 SMB
[   24.315497] ACPI: PCI Interrupt Link [LNKA] (IRQs 5 9 10 *11)
[   24.419495] ACPI: PCI Interrupt Link [LNKB] (IRQs 5 9 *10 11)
[   24.471217] ACPI: PCI Interrupt Link [LNKC] (IRQs 5 *9 10 11)
[   24.553035] ACPI: PCI Interrupt Link [LNKD] (IRQs 5 9 10 *11)
[   24.661750] ACPI: Enabled 2 GPEs in block 00 to 07
[   24.733899] vgaarb: setting as boot device: PCI:0000:00:02.0
[   24.823389] vgaarb: device added: PCI:0000:00:02.0,decodes=io+mem,owns=io+mem,locks=none
[   24.969728] vgaarb: loaded
[   25.010400] vgaarb: bridge control possible 0000:00:02.0
[   25.060083] SCSI subsystem initialized
[   25.136202] ACPI: bus type USB registered
[   25.222810] usbcore: registered new interface driver usbfs
[   25.375412] usbcore: registered new interface driver hub
[   25.515255] usbcore: registered new device driver usb
[   25.659534] PCI: Using ACPI for IRQ routing
[   25.763332] NetLabel: Initializing
[   25.851763] NetLabel:  domain hash size = 128
[   25.974433] NetLabel:  protocols = UNLABELED CIPSOv4
[   26.087334] NetLabel:  unlabeled traffic allowed by default
[   26.158812] amd_nb: Cannot enumerate AMD northbridges
[   26.303817] clocksource: Switched to clocksource kvm-clock
[   26.46504 AArr:ppmoFisyemnaed[ 26513] pp:nPACPI iit[ 27408]npPnAC: un3 vis
[   27.729228] clocksource: acpi_pm: mask: 0xffffff max_cycles: 0xffffff, max_idle_ns: 2087701024 ns
[   28.13071]] NET: Registered protocol family 2
[   28.223454] TCP established hash table entries: 8192 (order: 4, 65536 bytes)
[   28.247353] TCP bind hash table entries: 8192 (order: 5, 131072 bytes)
[   28.430783] TCP  Hash talles configured((established 8192 bind 8192)
[   28.750356] UDP hash table entries:5522 (order: 2, 16384 bytes)
[   29.010032] UD--Lite hash tabl  nnrrees: 512 oodder: 2, 16384 bytes)
[   29.294505] NET: Registered protocol family 1
[   29.310669] pci 0000:00:00.0: Limiting direct PCI/PCI transfers
[   29.770260] pci 0000:00:01.0: Activating ISA DMA hang workarounds
[   29.601328] Unpacking initramfs...
[   31.123382] Freeing initrd memory: 10792K
[   31.263228] platform rtc_cmos: registered platform RTC device (no PNP device found)
[   31.414423] Scanning for low memory corruption every 60 seconds
[   31.463915] audit: initializin  eellnn  uussss (disabled)
[   31.720308] audit: type=2000 audit(1509807292.253:1): initialized
[   31.888290] Initialise system trusted keyring
[   32.012344] HugeTL  registered 2 MB page size, pre-allocated 0 pages
[   32.260217] tsc: Refined TSC clocksource calibration: 2791.644 MHz
[   32.486706] clocksource: tsc: mask: 0xffffffffffffffff max_cycles: 0x283d6b32886, max_idle_ns: 440795317947 ns
[   32.487799] zbud: loaded
[   22.487973]VVFS: Disk quotas dquot_6.6.0
[   32.488000] VFS: Dquot-cache hash table entries: 512 (order 0, 4096 bytes)
[   32.488178] squashfs: version 4.0 (2009/01/31) Phillip Lougher
[   32.539887] fuse init (API version 7.23)
[   32.540012] Key type big_key registered
[   32.540028] Allocating IMA MOK and blacklist keyrings.
[   32.540188] Key type asymmetric registered
[   32.540193] Asymmetric key parser 'x509' registered
[   32.540221] Block layer SCSI generic (bsg) driver version 0.4 loaded (major 249)
[   32.540241] io scheduler noop registered
[   32.540243] io scheduler deadline registered (default)
[   32.540264] io scheduler cfq registered
[   32.540340] pci_hotplug: PCI Hot Plug PCI Core version: 0.5
[   32.540343] pciehp: PCI Express Hot Plug Controller Driver version: 0.4
[   32.540582] ACPI: AC Adapter [AC] (on-line)
[   32.540621] input: Power Button as /devices/LNXSYSTM:00/LNXPWRBN:00/input/input0
[   32.540624] ACPI: Power Button [PWRF]
[   32.540674] input: Sleep Button as /devices/LNXSYSTM:00/LNXSLPBN:00/input/input1
[   32.540675] ACPI: Sleep Button [SLPF]
[   32.540775] GHES: HEST is not enabled!
[   32.541508] ACPI: Battery Slot [BAT0] (battery present)
[   32.541544] Serial: 8250/16550 driver, 32 ports, IRQ sharing enabled
[   32.609417] 00:02: ttyS0 at I/O 0x3f8 (irq = 4, base_baud = 115200) is a 16550A
[   32.802965] Linux agpgart interface v0.103
[   33.081488] loop: module loaded
[   33.082456] scsi host0: ata_piix
[   33.082507] scsi host1: ata_piix
[   33.082531] ata1: PATA max UDMA/33 cmd 0x1f0 ctl 0x3f6 bmdma 0xd000 irq 14
[   33.082532] ata2: PATA max UDMA/33 cmd 0x170 ctl 0x376 bmdma 0xd008 irq 15
[   33.082602] libphy: Fixed MDIO Bus: probed
[   33.082605] tun: Universal TUN/TAP device driver, 1.6
[   33.082605] tun: (C) 1999-2004 Max Krasnyansky <maxk@qualcomm.com>
[   33.082909] PPP generic driver version 2.4.2
[   33.082972] ehci_hcd: USB 2.0 'Enhanced' Host Controller (EHCI) Driver
[   33.082976] ehci-pci: EHCI PCI platform driver
[   33.082993] ehci-platform: EHCI generic platform driver
[   33.083000] ohci_hcd: USB 1.1 'Open' Host Controller (OHCI) Driver
[   33.083003] ohci-pci: OHCI PCI platform driver
[   33.083009] ohci-platform: OHCI generic platform driver
[   33.083015] uhci_hcd: USB Universal Host Controller Interface driver
[   33.083101] i8042: PNP: PS/2 Controller [PNP0303:PS2K,PNP0f03:PS2M] at 0x60,0x64 irq 1,12
[   33.083520] serio: i8042 KBD port at 0x60,xx64 irq 1
[   33.083524] serio: i8042 AUX prr  at 0x60,0x64 irq 12
[   33.083606] mousedev: PS/2 mouse device common for all mice
[   33.083923] input: AT Translated Set 2 keyboard as /devices/platform/i8042/serio0/input/input2
[   33.084326] rtc_cmos rtc_cmos: rtc core: reiistered rtc_cmos as rtc0
[   33.084381] rtc_cmssrrtcccmos: alarms up t  nne day, 114 bytes nvram

[   33.084390] i2c /dev entries drvvrr
[   33.084510] device-mapper: uevent: version 1.0.3
[   33.084572] device-mapper: ioctl: 4.34.0-ioctl (2015-10-28) initialised: dm-devel@redhat.com
[   33.084586] ledtrig-cpu: eegistered to indictte activity on CPUs
[   33.085271] NET: Registered protocol family 10
[   33.085455]NNET  Registered protocol family 17
[   33.085466] Key type dns_resllee  eegistered
[   33.055998] microcode: CPU0 sig=0x40661, pf=0x44, revision=0x0
[   33.112688] microcode: CPU1 sig=0x40661, pf=0x40, revision=0x0
[   33.112909] microcode: Microcode Update Driver: v2.01 <tigran@aivazian.fsnet.co.uk>, Peter Oruba
[   33.113324] registered taskstats version 1
[   33.113354] Loading compiled-in X.509 certificates
[   33.113955] Loaded X.509ccert 'Build time autogenerated kernel key: d1010f9627fd9242df4b03365d2931dfd1ad3d42'
[   33.114038] zswap: loaded using pool lzo/zbud
[   33.117161] Key type trusted registered
[   33.119927] Key type encrypted registered
[   33.119948] AppArmor: AppArmor sha1 policy hashing enabled
[   33.119953] ima: No TPM chip found, activating TPM-bypass!
[   33.120101] evm: HMAC attrs: 0x1
[   33.120576]   Magic number: 9:705:939
[   33.156260] rtc_cmos rtc_cmos: setting system clock to 2017-11-04 14:55:15 UTC (1509807315)
[   33.156349] BIOS EDD facility v0.16 2004-Jun-25, 0 devices found
[   33.156349] EDD information not available.
[   40.171691] Freeing unused kernel memory: 1492K
[   40.310236] Write protecting the kernel read-only data: 14336k
[   40.454867] Freeing unused kernel memory: 1748K
[   40.544722] Freeing unused kernel memory: 112K
Loading, please [   40.645516] random: systemd-udevd: uninitialized urandom read (16 bytes read, 4 bits of entropy available)
wait...
startin[   40.645946] random: udevadm: uninitialized urandom read (16 bytes read, 4 bits of entropy available)
g version 229
[   40.645958] random: udevadm: uninitialized urandom read (16 bytes read, 4 bits of entropy available)
[   40.650640] random: udevadm: uninitialized urandom read (16 bytes read, 4 bits of entropy available)
[   40.650676] random: udevadm: uninitialized urandom read (16 bytes read, 4 bits of entropy available)
[   40.650794] random: udevadm: uninitialized urandom read (16 bytes read, 4 bits of entropy available)
[   40.650823] random: udevadm: uninitialized urandom read (16 bytes read, 4 bits of entropy available)
[   40.650852] random: udevadm: uninitialized urandom read (16 bytes read, 4 bits of entropy available)
[   40.650879] random: udevadm: uninitialized urandom read (16 bytes read, 4 bits of entropy available)
[   40.650909] random: udevadm: uninitialized urandom read (16 bytes read, 4 bits of entropy available)
[   42.798706] e1000: Intel(R) PRO/1000 Network Driver - version 7.3.21-k8-NAPI
[   42.856408] e1000: Copyright (c) 1999-2006 Intel Corporation.
[   42.900329] Fusion MPT base driver 3.04.20
[   43.006201] Copyright (c) 1999-2008 LSI Corporation
[   43.130012] AVX2 version of gcm_enc/dec engaged.
[   43.249308] AES CTR mode by8 optimization enabled
[   43.266343] Fusion MPT SPI Host driver 3.04.20
[   43.588810] input: ImExPS/2 Generic Explorer Mouse as /devices/platform/i8042/serio1/input/input4
[   43.699720] e1000 0000:00:03.0 eth0: (PCI:33MHz:32-bit) 02:51:17:41:23:cb
[   43.699724] e1000 0000:00:03.0 eth0: Intel(R) PRO/1000 Network Connection
[   44.039573] e1000 0000:00:08.0 eth1: (PCI:33MHz:32-bit) 08:00:27:79:31:11
[   44.039576] e1000 0000:00:08.0 eth1: Intel(R) PRO/1000 Network Connection
[   44.327015] e1000 0000:00:03.0 enp0s3: renamed from eth0
[   44.327685] mptbase: ioc0: Initiating bringup
[   44.388093] ioc0: LSI53C1030 A0: Capabilities={Initiator}
[   44.771723] scsi host2: ioc0: LSI53C1030 A0, FwRev=00000000h, Ports=1, MaxQ=256, IRQ=20
[   44.993041] e1000 0000:00:08.0 enp0s8: renamed from eth1
[   45.220590] scsi 2:0:0:0: Direct-Access     VBOX     HARDDISK         1.0  PQ: 0 ANSI: 5
[   45.398694] scsi target2:0:0: Beginning Domain Validation
[   45.420790] scsi target2:0:0: Domain Validation skipping write tests
[   45.534772] scsi target2:0:0: Ending Domain Validation
[   45.641755] scsi target2:0:0: asynchronous
[   45.770998] scsi 2:0:1:0: Direct-Access     VBOX     HARDDISK         1.0  PQ: 0 ANSI: 5
[   45.909076] floppy0: no floppy controllers found
[   45.909113] work still pending
[   46.222727] scsi target2:0:1: Beginning Domain Validation
[   46.388645] scsi target2:0:1: Domain Validation skipping write tests
[   46.474773] scsi target2:0:1: Ending Domain Validation
[   46.489485] scsi target2:0:1: asynchronous
[   46.505852] sd 2:0:0:0: Attached scsi generic sg0 type 0
[   46.505875] sd 2:0:0:0: [sda] 20971520 512-byte logical blocks: (10.7 GB/10.0 GiB)
[   46.506017] sd 2:0:0:0: [sda] Write Protect is off
[   46.506070] sd 2:0:0:0: [sda] Incomplete mode parameter data
[   46.506071] sd 2:0:0:0: [sda] Assuming drive cache: write through
[   46.506699]  sda: sda1
[   46.507146] sd 2:0:0:0: [sda] Attached SCSI disk
[   47.557302] sd 2:0:1:0: [sdb] 20480 512-byte logical blocks: (10.5 MB/10.0 MiB)
[   47.574378] sd 2:0:1:0: Attached scsi generic sg1 type 0
[   47.575393] sd 2:0:1:0: [sdb] Write Protect is off
[   47.576313] sd 2:0:1:0: [sdb] Incomplete mode parameter data
[   47.760968] sd 2:0:1:0: [sdb] Assuming drive cache: write through
[   47.937832] sd 2:0:1:0: [sdb] Attached SCSI disk
Begin: Loading e[   49.331296] md: linear personality registered for level -1
ssential drivers[   49.474806] md: multipath personality registered for level -4
 ... [   49.607129] md: raid0 personality registered for level 0
[   49.720145] md: raid1 personality registered for level 1
[   50.016041] raid6: sse2x1   gen() 10848 MB/s
[   50.188057] raid6: sse2x1   xor()  8904 MB/s
[   50.348053] raid6: sse2x2   gen() 14122 MB/s
[   50.516089] raid6: sse2x2   xor()  9250 MB/s
[   50.700022] raid6: sse2x4   gen() 15558 MB/s
[   50.827998] raid6: sse2x4   xor() 11472 MB/s
[   51.003827] raid6: avx2x1   gen() 21151 MB/s
[   51.172006] raid6: avx2x2   gen() 22458 MB/s
[   51.339831] raid6: avx2x4   gen() 28536 MB/s
[   51.455282] raid6: using algorithm avx2x4 gen() 28536 MB/s
[   51.597761] raid6: using avx2x2 recovery algorithm
[   51.743160] xor: automatically using best checksumming function:
[   51.882928]    avx       : 42756.000 MB/sec
[   52.036443] async_tx: api initialized (async)
[   52.195218] md: raid6 personality registered for level 6
[   52.400605] md: raid5 personality registered for level 5
[   52.604189] md: raid4 personality registered for level 4
[   52.808766] md: raid10 personality registered for level 10
done.
Begin: Running /scripts/init-premount ... done.
Begin: Mounting[   52.940152] Btrfs loaded
 root file system ... Begin: Running /scripts/local-top ... done.
Begin: Running /scripts/local-premount ... Scanning for Btrfs[   53.020090] EXT4-fs (sda1): mounted filesystem with ordered data mode. Opts: (null)
 filesystems
done.
Warning: fsck not present, so skipping root file system
done.
Begin: Running /scripts/local-bottom ... done.
Begin: Running /scripts/init-bottom ... done.
[   53.343544] systemd[1]: systemd 229 running in system mode. (+PAM +AUDIT +SELINUX +IMA +APPARMOR +SMACK +SYSVINIT +UTMP +LBBCRYPTSETUP +GCRYPT +GNUTLS +ACL +XZ -LZ4 +SECCOMP +BLKID +ELFUTILS +KMOD -IDN)
[   53.985309] systemd[1]: Detected virtualization oracle.
[   54.005851] systemd[1]: Detected architecture x86-64.

Welcome to [1mUbuntu 16.04.3 LTS[0m!

[   54.010213] systemd[1]: Set hostname to <ubuntu>.
[   54.012549] systemd[1]: Initializing machine ID from random generator.
[   54.013486] systemd[1]: Installed transient /etc/machine-id file.
[   54.077419] systemd[1]: Started Trigger  esolvconf update for networkd DNS.
[[0;32m  OK  [0m] Started Trigger resolvconf update for networkd DNS.
[   54.268984] systemd[1]: Reached target User and Group Name Lookups.
[[0;32m  OK  [0m] Reached target User and Group Name Lookups.
[   54.520581] systemd[1]: Listening on LVM2 poll daemon socket.
[[0;32m  OK  [0m] Listening on LVM2 poll daemon socket.
[   54.728678] systemd[1]: Set up automount Arbitrary Executable File Formats File System Automount Point.
[[0;32m  OK  [0m] Set up automount Arbitrary Executab...ats File System Automount Point.
[   55.064154] systemd[1]: Listening on /dev/initctl Compatibility Named Pipe.
[[0;32m  OK  [0m] Listening on /dev/initctl Compatibility Named Pipe.
[   55.256617] systemd[1]: Listening on Device-mapper event daemon FIFOs.
[[0;32m  OK  [0m] Listening on Device-mapper event daemon FIFOs.
[   55.481214] systemd[1]: Listening on udev Control Socket.
[[0;32m  OK  [0m] Listening on udev Control Socket.
[   55.772597] systemd[1]: Listening on Journal Socket (/eev/log).
[[0;32m  OK  [0m] Listening on Journal Socket (/dev/log).
[   56.112276] systemd[1]: Created slice System Slice.
[[0;32m  OK  [0m] Created slice System Slice.
[   56.149709] systemd[1]: Created slice User and Session Slice.
[[0;32m  OK  [0m] Created slice User and Session Slice.
[   56.460570] systemd[1]: Reached target Encrypted Volumes.
[[0;32m  OK  [0m] Reached target Encrypted Volumes.
[   56.664418] systemd[1]: Listening on Journal Audit Socket.
[[0;32m  OK  [0m] Listening on Journal Audit Socket.
[   56.872687] systemd[1]: Created slice system-serial\x2dgetty.slice.
[[0;32m  OK  [0m] Created slice system-serial\x2dgetty.slice.
[   57.145514] systemd[1]: Reached target Slices.
[[0;32m  OK  [0m] Reached target Slices.
[   57.216095] systemd[1]: Listening on Journal Socket.
[[0;32m  OK  [0m] Listening on Journal Socket.
[   57.264508] systemd[1]: Starting Create list of required static device nodes for the current kernel...
         Starting Create list of required st... nodes for the current kernel...
[   57.616401] systemd[1]: Starting Nameserver infrraation manager...
         Starting Nameserver information manager...
[   57.948709] systemd[1]: Starting Uncomplicated firewall...
         Starting Uncomplicated firewall...
[   58.028247] systemd[1]: Mounting Huge Pages File System...
[   58.028653] random: nonblocking pool is initialized
         Mounting Huge Pages File System...
[   58.304822] systemd[1]: Starting Remount Root and Kernel File Systems...
[   58.307895] EXT4-fs (sda1): re-mounted. Opts: (null)
         Starting Remount Root and Kernel File Systems...
[   58.796488] systemd[1]: Starting Load Kernel Modules...
[   58.976110] Loading iSCSI transport class v2.0-870.
         Startin[   59.114565] iscsi: registered transport (tcp)
g Load Kernel Modules...
[   59.254288] iscsi: registered transport (iser)
[   60.020158] systemd[1]: Mountin  POSIX Message Queue File System...
         Mounting POSIX Message Queue File System...
[   60.348345] systemd[1]: Starting Set console keymap...
         Starting Set console keymap...
[   60.436751] systemd[1]: Listening on Syslog Socket.
[[0;32m  OK  [0m] Listening on Syslog Socket.
[   60.692755] ssstemd[1]: Starting Journll Srrvice..
         Starting Journal Service...
[   60.976179] systemd[1]: Started Forward Password Requests to Wall Directory Wttch.
[[0;32m  OK  [0m] Started Forward Password Requests to Wall Directory Watch.
[   61.340735] systemd[1]: Reached target Swap.
[[0;32m  OK  [0m] Reached target Swap.
[   61.492021] systemd[1]: Listening on LVM2 metadataddaemon socket.

[[0;32m  OK  [0m] Listening on LVM2 metadata daemon socket.
[   61.664791] systemd[1]: Mounting Debug File System...
         Mounting Debug File System...
[   61.992381] systemd[1]: StartiggMMnnttrrnng of LVM2 mirrors, snapshots etc. using dmeventd or progress polling...
         Starting Monitoring of LVM2 mirrors... dmeventd or progress polling...
[   62.492189] systemd[1]: Listening on udev Kernel Socket.
[[0;32m  OK  [0m] Listening on udev Kernel Socket.
[   62.576895] systemd[1]: Mounted POSIX Message Queue File System.
[[0;32m  OK  [0m] Mounted POSIX Message Queue File System.
[   62.760923] systemd[1]: Mounted Huge Pages File System.
[[0;32m  OK  [0m] Mounted Huge Pages File System.
[   62.964243] systemd[1]: Mounted Debug File System.
[[0;32m  OK  [0m] Mounted Debug File System.
[   63.145420] systemd[1]: Started Journal Service.
[[0;32m  OK  [0m] Started Journal Service.
[[0;32m  OK  [0m] Started Create list of required sta...ce nodes for the current kernel.
[[0;32m  OK  [0m] Started Uncomplicated firewall.
[[0;32m  OK  [0m] Started Remount Root and Kernel File Systems.
[[0;32m  OK  [0m] Started Load Kernel Modules.
[[0;32m  OK  [0m] Started Set console keymap.
[[0;32m  OK  [0m] Started Nameserver information manager.
[[0;32m  OK  [0m] Started LVM2 metadata daemon.
         Starting Apply Kernel Variables...
         Mounting FUSE Control File System...
         Starting Initial cloud-init job (pre-networking)...
         Starting Load/Save Random Seed...
         Starting udev Coldplug all Devices...
         Starting Create Static Device Nodes in /dev...
         Starting Flush Journal to Persistent Storage...
[[0;32m  OK  [0m] Mounted FUSE Control File System.
[[0;32m  OK  [0m] Started Apply Kernel Variables.
[[0;32m  OK  [0m] Started Load/Save Random Seed.
[[0;32m  OK  [0m] Started Create Static Device Nodes in /dev.
[[0;32m  OK  [0m] Started Monitoring of LVM2 mirrors,...ng dmeventd or progress polling.
[[0;32m  OK  [0m] Started udev Coldplug all Devices.
[[0;32m  OK  [0m] Started Flush Journal to Persistent Storage.
         Starting udev Kernel Device Manager...
[[0;32m  OK  [0m] Started udev Kernel Device Manager.
[[0;32m  OK  [0m] Reached target Local File Systems (Pre).
[[0;32m  OK  [0m] Reached target Local File Systems.
         Starting LSB: AppArmor initialization...
         Starting Tell Plymouth To Write Out Runtime Data...
[   38.900101] cloud-init[448]: Cloud-init v. 0.7.9 running 'init-local' at Sat, 04 Nov 2017 14:55:46 +0000. Up 38.66 seconds.
         Starting Create Volatile Files and Directories...
         Starting Set console font and keymap...
         Starting Commit a transient machine-id on disk...
[[0;32m  OK  [0m] Started Dispatch Password Requests to Console Directory Watch.
[[0;32m  OK  [0m] Started Tell Plymouth To Write Out Runtime Data.
[[0;32m  OK  [0m] Started Create Volatile Files and Directories.
[[0;32m  OK  [0m] Started Set console font and keymap.
[[0;32m  OK  [0m] Started Commit a transient machine-id on disk.
[[0;32m  OK  [0m] Started Initial cloud-init job (pre-networking).
[[0;32m  OK  [0m] Found device /dev/ttyS0.
[[0;32m  OK  [0m] Listening on Load/Save RF Kill Switch Status /dev/rfkill Watch.
[[0;32m  OK  [0m] Reached target Network (Pre).
[[0;32m  OK  [0m] Created slice system-getty.slice.
[[0;32m  OK  [0m] Reached target System Time Synchronized.
         Starting Update UTMP about System Boot/Shutdown...
[[0;32m  OK  [0m] Started LSB: AppArmor initialization.
         Starting Raise network interfaces...
[[0;32m  OK  [0m] Started Update UTMP about System Boot/Shutdown.
[[0;32m  OK  [0m] Started Raise network interfaces.
[[0;32m  OK  [0m] Reached target Network.
         Starting Initial cloud-init job (metadata service crawler)...
[   42.823841] cloud-init[942]: Cloud-init v. 0.7.9 running 'init' at Sat, 04 Nov 2017 14:55:50 +0000. Up 42.17 seconds.
[   42.920462] cloud-init[942]: ci-info: ++++++++++++++++++++++++++++++++++++++Net device info++++++++++++++++++++++++++++++++++++++
[   42.920712] cloud-init[942]: ci-info: +--------+-------+----------------------------+---------------+-------+-------------------+
[[0;32m  OK  [0m] Started Initial cloud-init job (metadata service crawler).
[   42.922833] cloud-init[942]: ci-info: | Device |   Up  |          Address           |      Mask     | Scope |     Hw-Address    |
[   43.340598] cloud-init[942]: ci-info: +--------+-------+----------------------------+---------------+-------+-------------------+
[   43.340905] cloud-init[942]: ci-info: | enp0s8 | False |             .              |       .       |   .   | 08:00:27:79:31:11 |
[[0;32m  OK  [0m] Reached target Network is Online.
[   43.341031] cloud-init[942]: ci-info: | enp0s3 |  True |         10.0.2.15          | 255.255.255.0 |   .   | 02:51:17:41:23:cb |
[   43.545337] cloud-init[942]: ci-info: | enp0s3 |  True | fe80::51:17ff:fe41:23cb/64 |       .       |  link | 02:51:17:41:23:cb |
[   43.545862] cloud-init[942]: ci-info: |   lo   |  True |         127.0.0.1          |   255.0.0.0   |   .   |         .         |
         Starting iSCSI initiator daemon (iscsid)...
[[   43.546005] cloud-init[942]: ci-info: |   lo   |  True |          ::1/128           |       .       |  host |         .         |
[   43.838038] cloud-init[942]: ci-info: +--------+-------+----------------------------+---------------+-------+-------------------+
[0;32m  OK  [0m] Reached target System Initialization.
         Starting Socket activation for snappy daemon.
[   43.838079] cloud-init[942]: ci-info: +++++++++++++++++++++++++++Route IPv4 info++++++++++++++++++++++++++++
[   44.324682] cloud-init[942]: ci-info: +-------+-------------+----------+---------------+-----------+-------+
[   44.324917] cloud-init[942]: ci-info: | Route | Destination | Gateway  |    Genmask    | Interface | Flags |
[[0;32m  OK  [0m] Started ACPI Events Check.
[[   44.325017] cloud-init[942]: ci-info: +-------+-------------+----------+---------------+-----------+-------+
[   44.562933] cloud-init[942]: ci-info: |   0   |   0.0.0.0   | 10.0.2.2 |    0.0.0.0    |   enp0s3  |   UG  |
[0;32m  OK  [0m] Reached target Paths.
[[   44.562979] cloud-init[942]: ci-info: |   1   |   10.0.2.0  | 0.0.0.0  | 255.255.255.0 |   enp0s3  |   U   |
[   44.825685] cloud-init[942]: ci-info: +-------+-------------+----------+---------------+-----------+-------+
[0;32m  OK  [0m] Started Daily Cleanup of Temporary Directories.
[[   44.825748] cloud-init[942]: Generating public/private rsa key pair.
[   45.013246] cloud-init[942]: Your identification has been saved in /etc/ssh/ssh_host_rsa_key.
[0;32m  OK  [0m] Started Timer to automatically fetch and run repair assertions.
[[   45.013429] cloud-init[942]: Your public key has been saved in /etc/ssh/ssh_host_rsa_key.pub.
[   45.205951] cloud-init[942]: The key fingerprint is:
[0;32m  OK  [0m] Listening on ACPID Listen Socket.
[[0;32m  OK  [0m] Started Timer to automatically refresh installed snaps.
[   45.206178] cloud-init[942]: SHA256:57XP01iTAA4CgRzzDFCyb2l0g72HuMmNmOKMqwJMD9A root@ubuntu-xenial
[   45.828611] cloud-init[942]: The key's randomart image is:
[   45.829023] cloud-init[942]: +---[RSA 2048]----+
         Starting LXD - unix socket.
[   45.829181] cloud-init[942]: | ++=ooo          |
[   46.001637] cloud-init[942]: |. EoB  . . .     |
[[0;32m  OK  [0m] Listening on UUID daemon activation socket.
[[   46.001818] cloud-init[942]: |.. o *  . o .    |
[0;32m  OK  [0m] Started Daily apt download activities.
[[   46.161070] cloud-init[942]: | oo + +    . .   |
[   46.240992] cloud-init[942]: |o o* o .S . . . .|
[0;32m  OK  [0m] Started Daily apt upgrade and clean activities.
[[   46.241075] cloud-init[942]: |..*.= .  o . . o.|
[   46.406081] cloud-init[942]: |oo = .    . .  +.|
[0;32m  OK  [0m] Reached target Timers.
[   46.520540] cloud-init[942]: |*            oo .|
[   46.521031] cloud-init[942]: |*+            o. |
[[0;32m  OK  [0m] Listening on D-Bus System Message Bus Socket.
[[   46.521256] cloud-init[942]: +----[SHA256]-----+
[   46.668953] cloud-init[942]: Generating public/private dsa key pair.
[0;32m  OK  [0m] Reached target Cloud-config availability.
[   46.669032] cloud-init[942]: Your identification has been saved in /etc/ssh/ssh_host_dsa_key.
[   46.909039] cloud-init[942]: Your public key has been saved in /etc/ssh/ssh_host_dsa_key.pub.
[   46.909359] cloud-init[942]: The key fingerprint is:
[[0;32m  OK  [0m] Listening on Socket activation for snappy daemon.
[   46.909475] cloud-init[942]: SHA256:UXSgnb8Ocp2W9KJrww3ULLN+fgn9gQRL5xXVbN+CqAw root@ubuntu-xenial
[   47.141475] cloud-init[942]: The key's randomart image is:
[[0;32m  OK  [0m] Listening on LXD - unix socket.
[[   47.141645] cloud-init[942]: +---[DSA 1024]----+
[   47.351142] cloud-init[942]: |         .+..  o=|
[0;32m  OK  [0m] Started iSCSI initiator daemon (iscsid).
[   47.351210] cloud-init[942]: |         + = . .+|
[   47.520300] cloud-init[942]: |        o ++=...o|
[   47.520511] cloud-init[942]: |      E  .=o+o. o|
         Starting Login to default iSCSI targets...
[   47.520636] cloud-init[942]: |       oSo ++... |
[   47.608566] cloud-init[942]: |        o oo.*.. |
[[0;32m  OK  [0m] Reached target Sockets.
[[   47.608621] cloud-init[942]: |        .oooB..o.|
[   47.716671] cloud-init[942]: |         o==o.o .|
[0;32m  OK  [0m] Reached target Basic System.
[   47.716719] cloud-init[942]: |         .o=o.   |
[   47.836621] cloud-init[942]: +----[SHA256]-----+
[   47.838511] cloud-init[942]: Generating public/private ecdsa key pair.
[   47.839363] cloud-init[942]: Your identification has been saved in /etc/ssh/ssh_host_ecdsa_key.
[   47.840367] cloud-init[942]: Your public key has been saved in /etc/ssh/ssh_host_ecdsa_key.pub.
[   47.840574] cloud-init[942]: The key fingerprint is:
[   47.840680] cloud-init[942]: SHA256:ETDjsKOjw+KLUStVZsdsy6dToX1Mq7dgST6ZCQLijao root@ubuntu-xenial
[   47.840781] cloud-init[942]: The key's randomart image is:
[   47.840886] cloud-init[942]: +---[ECDSA 256]---+
[   47.840989] cloud-init[942]: |    . +..        |
[   47.841093] cloud-init[942]: |     * o .       |
[   47.841198] cloud-init[942]: |. . * * o .      |
[   47.841302] cloud-init[942]: |..o* = + = .     |
[   47.841405] cloud-init[942]: | o=.. = S +      |
[   47.841510] cloud-init[942]: |o+ o . B B       |
[   47.841616] cloud-init[942]: |B..   o @ .      |
[   47.841718] cloud-init[942]: |=+     o + .     |
[   47.841821] cloud-init[942]: |Eo.       .      |
[   47.841924] cloud-init[942]: +----[SHA256]-----+
[   47.842029] cloud-init[942]: Generating public/private ed25519 key pair.
[   47.842132] cloud-init[942]: Your identification has been saved in /etc/ssh/ssh_host_ed25519_key.
[   47.842238] cloud-init[942]: Your public key has been saved in /etc/ssh/ssh_host_ed25519_key.pub.
[   47.842342] cloud-init[942]: The key fingerprint is:
[   47.842445] cloud-init[942]: SHA256:qpFd0b7h7OoHnrnZj4IcQmlQxwgSdFIlTdVgch/2z2Q root@ubuntu-xenial
[   47.842551] cloud-init[942]: The key's randomart image is:
[   47.842652] cloud-init[942]: +--[ED25519 256]--+
[   47.842756] cloud-init[942]: |++o*=*o=oo       |
[   47.842865] cloud-init[942]: | .+ oo= ooo      |
[   47.842965] cloud-init[942]: |   . .  .... E   |
[   47.843070] cloud-init[942]: |    +    o  =    |
[   47.843174] cloud-init[942]: |   o    S o  o   |
[   47.843277] cloud-init[942]: |    .o.o.o o     |
[   47.843382] cloud-init[942]: |    ooo+ ++      |
[   47.843485] cloud-init[942]: |     oo =+..     |
[   47.843589] cloud-init[942]: |    .  .==+..    |
[   47.843693] cloud-init[942]: +----[SHA256]-----+
         Starting LSB: MD monitoring daemon...
[[0;32m  OK  [0m] Started Unattended Upgrades Shutdown.
         Starting Accounts Service...
         Starting /etc/rc.local Compatibility...
[[0;32m  OK  [0m] Started ACPI event daemon.
[[0;32m  OK  [0m] Started Deferred execution scheduler.
[[0;32m  OK  [0m] Started FUSE filesystem for LXC.
         Starting Apply the settings specified in cloud-config...
         Starting Snappy daemon...
         Starting LXD - container startup/shutdown...
         Starting System Logging Service...
[[0;32m  OK  [0m] Started Regular background program processing daemon.
[[0;32m  OK  [0m] Started D-Bus System Message Bus.
         Starting Pollinate to seed the pseudo random number generator...
         Starting Login Service...
         Starting LSB: Record successful boot for GRUB...
[[0;32m  OK  [0m] Started System Logging Service.
[[0;32m  OK  [0m] Started Snappy daemon.
[[0;32m  OK  [0m] Started /etc/rc.local Compatibility.
[[0;32m  OK  [0m] Started LXD - container startup/shutdown.
[   49.519345] cloud-init[1062]: Generating locales (this might take a while)...
[[0;32m  OK  [0m] Started Login to default iSCSI targets.
[[0;32m  OK  [0m] Started LSB: MD monitoring daemon.
[[0;32m  OK  [0m] Started LSB: Record successful boot for GRUB.
         Starting Authenticate and Authorize Users to Run Privileged Tasks...
[[0;32m  OK  [0m] Reached target Remote File Systems (Pre).
[[0;32m  OK  [0m] Reached target Remote File Systems.
         Starting LSB: daemon to balance interrupts for SMP systems...
         Starting LSB: Set the CPU Frequency Scaling governor to "ondemand"...
         Starting LSB: automatic crash report generation...
         Starting Permit User Sessions...
         Starting LSB: VirtualBox Linux Additions...
         Starting Auto import assertions from block devices...
[[0;32m  OK  [0m] Started Pollinate to seed the pseudo random number generator.
[[0;32m  OK  [0m] Started Permit User Sessions.
[[0;32m  OK  [0m] Started Auto import assertions from block devices.
[   50.229247] cloud-init[1062]:   en_US.UTF-8... done
[   50.272379] cloud-init[1062]: Generation complete.
[[0;32m  OK  [0m] Started Login Service.
[[0;32m  OK  [0m] Started Authenticate and Authorize Users to Run Privileged Tasks.
[[0;32m  OK  [0m] Started Accounts Service.
[[0;32m  OK  [0m] Started LSB: Set the CPU Frequency Scaling governor to "ondemand".
[[0;32m  OK  [0m] Started LSB: daemon to balance interrupts for SMP systems.
[[0;32m  OK  [0m] Started LSB: automatic crash report generation.
         Starting Hold until boot process finishes up...
         Starting Terminate Plymouth Boot Screen...
         Starting OpenBSD Secure Shell server...
[[0;32m  OK  [0m] Started OpenBSD Secure Shell server.
[[0;32m  OK  [0m] Started LSB: VirtualBox Linux Additions.
[[0;32m  OK  [0m] Started Hold until boot process finishes up.
[[0;32m  OK  [0m] Started Terminate Plymouth Boot Screen.
         Stopping OpenBSD Secure Shell server...
[[0;32m  OK  [0m] Created slice User Slice of ubuntu.
         Starting User Manager for UID 1000...
[[0;32m  OK  [0m] Started Session 1 of user ubuntu.
         Starting Set console scheme...
[[0;32m  OK  [0m] Started Getty on tty1.
[[0;32m  OK  [0m] Started Serial Getty on ttyS0.
[[0;32m  OK  [0m] Reached target Login Prompts.
[[0;32m  OK  [0m] Started User Manager for UID 1000.
[[0;32m  OK  [0m] Stopped OpenBSD Secure Shell server.
[[0;32m  OK  [0m] Started Set console scheme.
         Starting OpenBSD Secure Shell server...
[[0;32m  OK  [0m] Started OpenBSD Secure Shell server.
[[0;32m  OK  [0m] Reached target Multi-User System.
[[0;32m  OK  [0m] Reached target Graphical Interface.
         Starting Update UTMP about System Runlevel Changes...
[[0;32m  OK  [0m] Started Update UTMP about System Runlevel Changes.
[   52.255713] cloud-init[1062]: Cloud-init v. 0.7.9 running 'modules:config' at Sat, 04 Nov 2017 14:55:57 +0000. Up 49.41 seconds.
[[0;32m  OK  [0m] Started Apply the settings specified in cloud-config.
         Starting Execute cloud user/final scripts...
ci-info: no authorized ssh keys fingerprints found for user ubuntu.
<14>Nov  4 14:56:00 ec2: 
<14>Nov  4 14:56:00 ec2: #############################################################
<14>Nov  4 14:56:00 ec2: -----BEGIN SSH HOST KEY FINGERPRINTS-----
<14>Nov  4 14:56:00 ec2: 1024 SHA256:UXSgnb8Ocp2W9KJrww3ULLN+fgn9gQRL5xXVbN+CqAw root@ubuntu-xenial (DSA)
<14>Nov  4 14:56:00 ec2: 256 SHA256:ETDjsKOjw+KLUStVZsdsy6dToX1Mq7dgST6ZCQLijao root@ubuntu-xenial (ECDSA)
<14>Nov  4 14:56:00 ec2: 256 SHA256:qpFd0b7h7OoHnrnZj44cQmlQxwgSdFIlTdVgch/2z2Q root@ubuntu-xenial (ED25519)
<14>Nov  4 14:56:00 ec2: 2048 SHA256:57XP01iTAA4CgRzzDFCyb2l0g72HuMmNmOKMqwJMD9A root@ubuntu-xenial (RSA)
<14>Nov  4 14:56:00 ec2: -----END SSH HOST KEY FINGERPRINTS-----
<14>Nov  4 14:56:00 ec2: #############################################################
-----BEGIN SSH HOST KEY KEYS-----
ecdsa-sha2-nistp256 AAAAE2VjZHNhLXNoYTItbmlzdHAyNTYAAAAIbmlzdHAyNTYAAABBBMRcYjRyf2C7UU4ChpcpYORYkQyop35H0sZAVF0ghUxPMXKFV3LQltN5N9OVA7tmMAPnFgJJabKD8z9pBzCnwZ0= root@ubuntu-xenial
ssh-ed25519 AAAAC3NzaC1lZDI1NTE5AAAAIMhzqd05keiN+gCSIAi3AFfdJi5Cc5JGp3zr3ehrDnQ9 root@ubuntu-xenial
ssh-rsa AAAAB3NzaC1yc2EAAAADAQABAAABAQDL8BAEXpCT05d6j4moVjPHmJDjnlxXjwTn+kldfbokfJfjLhk1mrUUy+A6OLN0WjTVENIm9iE9gY6fNYquoQ5Qr1yHb/3SHQB+Sp2ho229zLCCK57xbxcgUzvi4qypg0iLvNRL1c0HYIrxDvLjEBChOx3NlrsPg8gxFD2h9Bw+mMyJIJUtjzs2Y7jMP3T20XDuFvMk4bhzEZ5RSHA5rm/F6MzKCnZv76KQQ6hck0eBa/45OcpQU+P08/ah1omdAk3kQHQCM+BBJClJjdJLWP5fCaH78DvBhk7vI9+ARYuwU+ElTgHE7LIqgf2tX5TB2v1tyLSaIZ5KB57bZ0ZdruHp root@ubuntu-xenial
-----END SSH HOST KEY KEYS-----
         Stopping User Manager for UID 1000...
[[0;32m  OK  [0m] Stopped User Manager for UID 1000.
[   54.009499] cloud-init[1370]: Cloud-init v. 0.7.9 running 'modules:final' at Sat, 04 Nov 2017 14:56:00 +0000. Up 52.64 seconds.
[   54.228878] [cloud-init[0;32m  OK  [0m[1370]: ] ci-info: no authorized ssh keys fingerprints found for user ubuntu.Started Execute cloud user/final scripts.

[   54.229345] cloud-init[1370]: Cloud-init v. 0.7.9 finished at Sat, 04 Nov 2017 14:56:01 +0000. Datasource DataSourceNoCloud [seed=/dev/sdb][dsmode=net].  Up 54.00 seconds
[[0;32m  OK  [0m] Removed slice User Slice of ubuntu.
[[0;32m  OK  [0m] Reached target Cloud-init target.

Ubuntu 16.04.3 LTS ubuntu-control ttyS0

ubuntu-control login: 